// Jest Snapshot v1, https://goo.gl/fbAQLP

exports[`ChannelMenuItem create shapshot 1`] = `
.emotion-0 {
  display: grid;
  grid-template-rows: auto;
  grid-template-columns: auto auto;
  grid-gap: 0.25rem;
  -webkit-align-items: flex-end;
  -webkit-box-align: flex-end;
  -ms-flex-align: flex-end;
  align-items: flex-end;
  -webkit-box-pack: end;
  -ms-flex-pack: end;
  -webkit-justify-content: flex-end;
  justify-content: flex-end;
  cursor: pointer;
}

.emotion-1 {
  width: 1rem;
  height: 1rem;
  line-height: 1rem;
}

.emotion-2 {
  line-height: 0.75rem;
}

<body>
  <div>
    <span
      class="ui-text emotion-0"
      data-uses-unhanded-props="true"
      role="button"
    >
      <span
        class="emotion-1"
      >
        <span
          aria-hidden="true"
          class="root_dd790ee3"
        >
          <svg
            class="svg_dd790ee3"
            viewBox="0 0 2048 2048"
            xmlns="http://www.w3.org/2000/svg"
          >
            <path
              d="M2048 1152q0 106-40 199t-110 162-163 110-199 41q-65 0-130-17-9 85-47 158t-99 128-137 84-163 31q-93 0-174-35t-142-96-96-142-36-175q0-16 1-32t4-32H85q-35 0-60-25t-25-60V597q0-35 25-60t60-25h302q12-109 62-202t127-163T751 39 960 0q119 0 224 45t183 124 123 183 46 224q0 16-1 32t-3 32q106 0 200 40t164 109 111 162 41 201zM960 128q-83 0-158 29t-135 80-98 122-52 153h422q35 0 60 25t25 60v422l18-3q18-64 52-121t80-104 104-81 122-52q8-43 8-82 0-93-35-174t-96-142-142-96-175-36zM522 1357q46 0 90-9t80-32 56-58 22-90q0-54-22-90t-57-60-73-39-73-29-56-29-23-38q0-17 12-27t28-17 35-8 30-2q51 0 90 13t81 39V729q-24-7-44-12t-41-8-41-5-48-2q-44 0-90 10t-83 32-61 58-24 88q0 51 22 85t57 58 73 40 73 31 56 31 23 39q0 19-10 30t-27 17-33 7-32 2q-60 0-106-20t-95-53v160q102 40 211 40zm438 563q66 0 124-25t101-68 69-102 26-125q0-57-19-109t-53-93-81-71-103-41v165q0 35-25 60t-60 25H646q-6 32-6 64 0 66 25 124t68 102 102 69 125 25zm576-384q79 0 149-30t122-82 83-122 30-150q0-79-30-149t-82-122-123-83-149-30q-79 0-148 30t-122 83-83 122-31 149v22q0 11 2 22 47 23 87 55t71 73 54 88 33 98q67 26 137 26z"
            />
          </svg>
        </span>
      </span>
      <span
        class="ui-text emotion-2"
        data-uses-unhanded-props="true"
      />
    </span>
  </div>
</body>
`;
