// Jest Snapshot v1, https://goo.gl/fbAQLP

exports[`create shapshot of when loading is false 1`] = `
<body>
  <div>
    <div
      data-testid="Children"
    />
  </div>
</body>
`;

exports[`create shapshot of when loading is true 1`] = `
.emotion-0 {
  display: -webkit-box;
  display: -webkit-flex;
  display: -ms-flexbox;
  display: flex;
  -webkit-align-items: center;
  -webkit-box-align: center;
  -ms-flex-align: center;
  align-items: center;
  -webkit-box-pack: center;
  -ms-flex-pack: center;
  -webkit-justify-content: center;
  justify-content: center;
  color: gray;
}

@media (max-width: 599px) {
  .emotion-0 {
    min-height: calc(100vh - 0.5rem);
  }
}

@media (min-width: 600px) {
  .emotion-0 {
    min-height: calc(100vh - 2rem);
  }
}

<body>
  <div>
    <div
      class="emotion-0"
    >
      <div
        class="ui-loader"
        data-aa-class="Loader"
        data-uses-unhanded-props="true"
        role="progressbar"
      >
        <div
          class="ui-box ui-loader__indicator"
          data-uses-unhanded-props="true"
        >
          <div
            class="ui-box ui-loader__svg"
            data-uses-unhanded-props="true"
          />
        </div>
      </div>
    </div>
  </div>
</body>
`;
