// Jest Snapshot v1, https://goo.gl/fbAQLP

exports[`create shapshot 1`] = `
.emotion-0 {
  display: grid;
  grid-template-rows: auto;
  grid-template-columns: repeat(auto-fill, minmax(22.5rem, 1fr));
  grid-gap: 0.5rem;
}

@media (width >= 600px) {
  .emotion-0 {
    grid-gap: 1rem;
  }
}

<body>
  <div>
    <div
      class="emotion-0"
      role="list"
    />
  </div>
</body>
`;
