// Jest Snapshot v1, https://goo.gl/fbAQLP

exports[`MembershipIcon create shapshot when MembershipType is null 1`] = `
<body>
  <div />
</body>
`;

exports[`MembershipIcon create shapshot when MembershipType is private 1`] = `
.emotion-0 {
  width: '0.75rem';
  height: '0.75rem';
}

<body>
  <div>
    <span
      aria-hidden="true"
      class="root_dd790ee3 emotion-0"
    >
      <svg
        class="svg_dd790ee3"
        focusable="false"
        viewBox="0 0 2048 2048"
        xmlns="http://www.w3.org/2000/svg"
      >
        <path
          d="M1792 896v1152H256V896h256V522q0-108 39-203t108-166T821 41t203-41q109 0 202 41t163 112 108 166 39 203v374h256zm-1152 0h768V522q0-81-29-152t-80-126-122-85-153-31q-82 0-152 31t-122 85-81 125-29 153v374zm1024 128H384v896h1280v-896z"
        />
      </svg>
    </span>
  </div>
</body>
`;

exports[`MembershipIcon create shapshot when MembershipType is standard 1`] = `
<body>
  <div />
</body>
`;
