// Jest Snapshot v1, https://goo.gl/fbAQLP

exports[`CardPopup create shapshot 1`] = `
.emotion-0 {
  width: 12rem;
  max-height: 24rem;
  margin: -0.5rem;
  overflow: auto;
}

.emotion-1 {
  display: -webkit-box;
  display: -webkit-flex;
  display: -ms-flexbox;
  display: flex;
  -webkit-box-flex-flow: column;
  -webkit-flex-flow: column;
  -ms-flex-flow: column;
  flex-flow: column;
  gap: 0.25rem;
}

<body>
  <div>
    <button
      aria-haspopup="dialog"
      data-aa-class="PopupButton"
      role="button"
    />
  </div>
  <div
    class="ui-popup__content ui-animation"
    data-aa-class="Popup__popup"
    data-uses-unhanded-props="true"
    role="complementary"
    style="position: fixed; left: 0px; top: 0px; margin: 0px;"
  >
    <div
      class="ui-popup__content__content"
    >
      <div
        class="emotion-0"
      >
        <div
          class="emotion-1"
        >
          <div
            class="ui-box ui-input"
            data-uses-unhanded-props="true"
          >
            <div
              class="ui-box"
              data-uses-unhanded-props="true"
            >
              <input
                class="ui-box ui-input__input"
                data-aa-class="Input__input"
                data-uses-unhanded-props="true"
                id="ui-input-1"
                type="text"
                value=""
              />
              <div
                class="ui-box ui-input__icon"
                data-uses-unhanded-props="true"
              >
                <span
                  aria-hidden="true"
                  class="root_3aeb045a"
                >
                  <svg
                    class="svg_3aeb045a"
                    focusable="false"
                    viewBox="0 0 2048 2048"
                    xmlns="http://www.w3.org/2000/svg"
                  >
                    <path
                      d="M1344 0q97 0 187 25t168 71 142 110 111 143 71 168 25 187q0 97-25 187t-71 168-110 142-143 111-168 71-187 25q-125 0-239-42t-211-121l-785 784q-19 19-45 19t-45-19-19-45q0-26 19-45l784-785q-79-96-121-210t-42-240q0-97 25-187t71-168 110-142T989 96t168-71 187-25zm0 1280q119 0 224-45t183-124 123-183 46-224q0-119-45-224t-124-183-183-123-224-46q-119 0-224 45T937 297 814 480t-46 224q0 119 45 224t124 183 183 123 224 46z"
                    />
                  </svg>
                </span>
              </div>
            </div>
          </div>
        </div>
      </div>
    </div>
  </div>
</body>
`;
