// Jest Snapshot v1, https://goo.gl/fbAQLP

exports[`CardMenuItem create shapshot 1`] = `
.emotion-0 {
  display: grid;
  grid-template-columns: auto auto;
  grid-template-rows: auto;
  grid-gap: 0.25rem;
  -webkit-align-items: flex-end;
  -webkit-box-align: flex-end;
  -ms-flex-align: flex-end;
  align-items: flex-end;
  -webkit-box-pack: end;
  -ms-flex-pack: end;
  -webkit-justify-content: flex-end;
  justify-content: flex-end;
  cursor: pointer;
}

.emotion-1 {
  line-height: 1rem;
  width: 1rem;
  height: 1rem;
}

.emotion-2 {
  line-height: 0.75rem;
}

<body>
  <div>
    <span
      class="ui-text emotion-0"
      data-uses-unhanded-props="true"
      role="button"
    >
      <span
        class="emotion-1"
      >
        icon
      </span>
      <span
        class="ui-text emotion-2"
        data-uses-unhanded-props="true"
        dir="auto"
      >
        content
      </span>
    </span>
  </div>
</body>
`;
