// Jest Snapshot v1, https://goo.gl/fbAQLP

exports[`ChannelMenuItem create shapshot 1`] = `
.emotion-0 {
  display: grid;
  grid-template-columns: auto auto;
  grid-template-rows: auto;
  grid-gap: 0.25rem;
  -webkit-align-items: flex-end;
  -webkit-box-align: flex-end;
  -ms-flex-align: flex-end;
  align-items: flex-end;
  -webkit-box-pack: end;
  -ms-flex-pack: end;
  -webkit-justify-content: flex-end;
  justify-content: flex-end;
  cursor: pointer;
}

.emotion-1 {
  line-height: 1rem;
  width: 1rem;
  height: 1rem;
}

.emotion-2 {
  line-height: 0.75rem;
}

<body>
  <div>
    <span
      class="ui-text emotion-0"
      data-uses-unhanded-props="true"
      role="button"
    >
      <span
        class="emotion-1"
      >
        <span
          aria-hidden="true"
          class="root_3aeb045a"
        >
          <svg
            class="svg_3aeb045a"
            focusable="false"
            viewBox="0 0 2048 2048"
            xmlns="http://www.w3.org/2000/svg"
          >
            <path
              d="M1792 128v1664H256V128h1536zm-128 128H384v1408h1280V256zm-256 768H640V896h768v128zm0 384H640v-128h768v128zm0-768H640V512h768v128z"
            />
          </svg>
        </span>
      </span>
      <span
        class="ui-text emotion-2"
        data-uses-unhanded-props="true"
      >
        3
      </span>
    </span>
  </div>
</body>
`;
