// Jest Snapshot v1, https://goo.gl/fbAQLP

exports[`ErrorPanel create shapshot 1`] = `
.emotion-0 {
  display: -webkit-box;
  display: -webkit-flex;
  display: -ms-flexbox;
  display: flex;
  -webkit-align-items: center;
  -webkit-box-align: center;
  -ms-flex-align: center;
  align-items: center;
  -webkit-box-pack: center;
  -ms-flex-pack: center;
  -webkit-justify-content: center;
  justify-content: center;
  color: gray;
}

@media (max-width: 599px) {
  .emotion-0 {
    min-height: calc(100vh - 0.5rem);
  }
}

@media (min-width: 600px) {
  .emotion-0 {
    min-height: calc(100vh - 2rem);
  }
}

.emotion-1 {
  text-align: center;
}

.emotion-2 {
  width: 2rem;
  height: 2rem;
  margin: 0.5rem;
}

.emotion-3 {
  display: block;
}

<body>
  <div>
    <div
      class="emotion-0"
    >
      <div
        class="emotion-1"
      >
        <span
          aria-hidden="true"
          class="root_3aeb045a emotion-2"
        >
          <svg
            class="svg_3aeb045a"
            focusable="false"
            viewBox="0 0 2048 2048"
            xmlns="http://www.w3.org/2000/svg"
          >
            <path
              d="M1024 0q141 0 272 36t244 104 207 160 161 207 103 245 37 272q0 141-36 272t-104 244-160 207-207 161-245 103-272 37q-141 0-272-36t-244-104-207-160-161-207-103-245-37-272q0-141 36-272t104-244 160-207 207-161T752 37t272-37zm0 1920q124 0 238-32t214-90 181-140 140-181 91-214 32-239q0-124-32-238t-90-214-140-181-181-140-214-91-239-32q-124 0-238 32t-214 90-181 140-140 181-91 214-32 239q0 124 32 238t90 214 140 181 181 140 214 91 239 32zm443-1249l-352 353 352 353-90 90-353-352-353 352-90-90 352-353-352-353 90-90 353 352 353-352 90 90z"
            />
          </svg>
        </span>
        <span
          class="ui-text emotion-3"
          data-uses-unhanded-props="true"
          dir="auto"
        >
          Something went wrong.
        </span>
      </div>
    </div>
  </div>
</body>
`;
