// Jest Snapshot v1, https://goo.gl/fbAQLP

exports[`CallbackPage create shapshot 1`] = `
<body>
  <div />
</body>
`;
