// Jest Snapshot v1, https://goo.gl/fbAQLP

exports[`should create shapshot 1`] = `
<DocumentFragment>
  .emotion-0 {
  display: grid;
  grid-template-rows: auto;
  grid-template-columns: auto auto;
  grid-gap: 0.25rem;
  -webkit-align-items: center;
  -webkit-box-align: center;
  -ms-flex-align: center;
  align-items: center;
  -webkit-box-pack: start;
  -ms-flex-pack: start;
  -webkit-justify-content: start;
  justify-content: start;
  cursor: pointer;
}

.emotion-1 {
  width: 1rem;
  height: 1rem;
}

<span
    aria-label="Open channel calendar"
    class="fui-Text emotion-0 ___c56hd20_1xy0w11 fk6fouc fkhj508 f1i3iumi figsok6 fpgzoln f1w7gpdv f6juhto f1gl81tg f2jf649"
    role="button"
  >
    <button
      class="fui-Button r1alrhcs ___cpe5h10_1yhfyj7 f1c21dwh f1p3nwhy f11589ue f1q5o8ev f1pdflbu fkfq4zb fjxutwb f1s2uweq fr80ssc f1ukrpxl fecsdlb f139oj5f ft1hn21 fuxngvv fwiml72 f1h0usnq fs4ktlq f16h9ulv fx2bmrt f1fg1p5m f1dfjoow f1j98vj9 f1tme0vf f4xjyn1 f18onu3q f9ddjv3 f18ktai2 fwbmr0d f44c6la"
      type="button"
    >
      <span
        class="fui-Button__icon rywnvv2"
      >
        <span
          aria-hidden="true"
          class="root_dd790ee3 emotion-1"
        >
          <svg
            class="svg_dd790ee3"
            focusable="false"
            viewBox="0 0 2048 2048"
            xmlns="http://www.w3.org/2000/svg"
          >
            <path
              d="M768 768h128v128H768V768zm384 768h128v128h-128v-128zm384-768h128v128h-128V768zm-384 0h128v128h-128V768zm-384 256h128v128H768v-128zm-384 0h128v128H384v-128zm1152 0h128v128h-128v-128zm-384 0h128v128h-128v-128zm-384 256h128v128H768v-128zm-384 0h128v128H384v-128zm1152 0h128v128h-128v-128zm-384 0h128v128h-128v-128zm-384 256h128v128H768v-128zm-384 0h128v128H384v-128zM2048 128v1792H0V128h384V0h128v128h1024V0h128v128h384zM128 256v256h1792V256h-256v128h-128V256H512v128H384V256H128zm1792 1536V640H128v1152h1792z"
            />
          </svg>
        </span>
      </span>
    </button>
  </span>
</DocumentFragment>
`;
