// Vitest Snapshot v1, https://vitest.dev/guide/snapshot.html

exports[`should match the snapshot when the items is an empty array 1`] = `
<DocumentFragment>
  .emotion-0 {
  min-height: 100vh;
  line-height: 1.25em;
  background-color: #f5f5f5;
}

.emotion-1 {
  display: -webkit-box;
  display: -webkit-flex;
  display: -ms-flexbox;
  display: flex;
  -webkit-box-flex-flow: column;
  -webkit-flex-flow: column;
  -ms-flex-flow: column;
  flex-flow: column;
  gap: 0.5rem;
}

.emotion-2 {
  display: -webkit-box;
  display: -webkit-flex;
  display: -ms-flexbox;
  display: flex;
  -webkit-box-flex-flow: column;
  -webkit-flex-flow: column;
  -ms-flex-flow: column;
  flex-flow: column;
  gap: 0.5rem;
  height: calc(100vh - 8rem);
  overflow: auto;
}

.emotion-3 {
  text-align: center;
}

<div
    class="fui-FluentProvider fui-FluentProviderr3 ___jdtuxv0_17k0bs4 f19n0e5 fxugw4r f1o700av fk6fouc fkhj508 figsok6 f1i3iumi"
    dir="ltr"
  >
    <div
      class="emotion-0"
    >
      <div
        data-testid="test-Drawer"
      >
        <div
          data-testid="test-Children"
        >
          <div
            class="emotion-1"
          >
            <span
              class="fui-Input r1oeeo9n fui-SearchBox ___13yg2oi_15g8mz3 f1f5gg8d fhxju0i fvcxoqz f1ub3y4t f1l4zc64 f1m52nbi f8vnjqi fz1etlk f1klwx88 f1hc16gm fjuset5 f1xzfw5u"
            >
              <span
                class="fui-Input__contentBefore r1572tok fui-SearchBox__contentBefore"
              >
                <svg
                  aria-hidden="true"
                  class="___9ctc0p0_1xvj9ao f1w7gpdv fez10in f1dd5bof"
                  fill="currentColor"
                  height="1em"
                  viewBox="0 0 20 20"
                  width="1em"
                  xmlns="http://www.w3.org/2000/svg"
                >
                  <path
                    d="M13.73 14.44a6.5 6.5 0 1 1 .7-.7l3.42 3.4a.5.5 0 0 1-.63.77l-.07-.06-3.42-3.41Zm-.71-.71A5.54 5.54 0 0 0 15 9.5a5.5 5.5 0 1 0-1.98 4.23Z"
                    fill="currentColor"
                  />
                </svg>
              </span>
              <input
                class="fui-Input__input r12stul0 fui-SearchBox__input ___69a85s0_ca35df0 fk8j09s f1vdfbxk f18izjht fcoa6sg"
                placeholder="Search members"
                type="search"
                value=""
              />
              <span
                class="fui-Input__contentAfter r1572tok fui-SearchBox__contentAfter ___yrbim60_1xrsupy f1cnd47f f1ufnopg fniina8 f3tsq5r f1a3p1vp"
              >
                <span
                  aria-label="clear"
                  class="fui-SearchBox__dismiss r1pvzcuu"
                  role="button"
                  tabindex="-1"
                >
                  <svg
                    aria-hidden="true"
                    class="___9ctc0p0_1xvj9ao f1w7gpdv fez10in f1dd5bof"
                    fill="currentColor"
                    height="1em"
                    viewBox="0 0 20 20"
                    width="1em"
                    xmlns="http://www.w3.org/2000/svg"
                  >
                    <path
                      d="m4.09 4.22.06-.07a.5.5 0 0 1 .63-.06l.07.06L10 9.29l5.15-5.14a.5.5 0 0 1 .63-.06l.07.06c.18.17.2.44.06.63l-.06.07L10.71 10l5.14 5.15c.18.17.2.44.06.63l-.06.07a.5.5 0 0 1-.63.06l-.07-.06L10 10.71l-5.15 5.14a.5.5 0 0 1-.63.06l-.07-.06a.5.5 0 0 1-.06-.63l.06-.07L9.29 10 4.15 4.85a.5.5 0 0 1-.06-.63l.06-.07-.06.07Z"
                      fill="currentColor"
                    />
                  </svg>
                </span>
              </span>
            </span>
            <div
              class="emotion-2"
            >
              <div
                class="emotion-3"
              >
                No members found.
              </div>
            </div>
          </div>
        </div>
      </div>
    </div>
  </div>
</DocumentFragment>
`;

exports[`should match the snapshot when the items is not undefined 1`] = `
<DocumentFragment>
  .emotion-0 {
  min-height: 100vh;
  line-height: 1.25em;
  background-color: #f5f5f5;
}

.emotion-1 {
  display: -webkit-box;
  display: -webkit-flex;
  display: -ms-flexbox;
  display: flex;
  -webkit-box-flex-flow: column;
  -webkit-flex-flow: column;
  -ms-flex-flow: column;
  flex-flow: column;
  gap: 0.5rem;
}

.emotion-2 {
  display: -webkit-box;
  display: -webkit-flex;
  display: -ms-flexbox;
  display: flex;
  -webkit-box-flex-flow: column;
  -webkit-flex-flow: column;
  -ms-flex-flow: column;
  flex-flow: column;
  gap: 0.5rem;
  height: calc(100vh - 8rem);
  overflow: auto;
}

.emotion-3 {
  display: grid;
  grid-template-columns: auto auto;
  gap: 0.5rem;
  -webkit-align-items: center;
  -webkit-box-align: center;
  -ms-flex-align: center;
  align-items: center;
  -webkit-box-pack: left;
  -ms-flex-pack: left;
  -webkit-justify-content: left;
  justify-content: left;
  padding: 0.5rem;
}

.emotion-3:hover {
  background-color: #f5f5f5;
}

<div
    class="fui-FluentProvider fui-FluentProviderr0 ___jdtuxv0_17k0bs4 f19n0e5 fxugw4r f1o700av fk6fouc fkhj508 figsok6 f1i3iumi"
    dir="ltr"
  >
    <div
      class="emotion-0"
    >
      <div
        data-testid="test-Drawer"
      >
        <div
          data-testid="test-Children"
        >
          <div
            class="emotion-1"
          >
            <span
              class="fui-Input r1oeeo9n fui-SearchBox ___13yg2oi_15g8mz3 f1f5gg8d fhxju0i fvcxoqz f1ub3y4t f1l4zc64 f1m52nbi f8vnjqi fz1etlk f1klwx88 f1hc16gm fjuset5 f1xzfw5u"
            >
              <span
                class="fui-Input__contentBefore r1572tok fui-SearchBox__contentBefore"
              >
                <svg
                  aria-hidden="true"
                  class="___9ctc0p0_1xvj9ao f1w7gpdv fez10in f1dd5bof"
                  fill="currentColor"
                  height="1em"
                  viewBox="0 0 20 20"
                  width="1em"
                  xmlns="http://www.w3.org/2000/svg"
                >
                  <path
                    d="M13.73 14.44a6.5 6.5 0 1 1 .7-.7l3.42 3.4a.5.5 0 0 1-.63.77l-.07-.06-3.42-3.41Zm-.71-.71A5.54 5.54 0 0 0 15 9.5a5.5 5.5 0 1 0-1.98 4.23Z"
                    fill="currentColor"
                  />
                </svg>
              </span>
              <input
                class="fui-Input__input r12stul0 fui-SearchBox__input ___69a85s0_ca35df0 fk8j09s f1vdfbxk f18izjht fcoa6sg"
                placeholder="Search members"
                type="search"
                value=""
              />
              <span
                class="fui-Input__contentAfter r1572tok fui-SearchBox__contentAfter ___yrbim60_1xrsupy f1cnd47f f1ufnopg fniina8 f3tsq5r f1a3p1vp"
              >
                <span
                  aria-label="clear"
                  class="fui-SearchBox__dismiss r1pvzcuu"
                  role="button"
                  tabindex="-1"
                >
                  <svg
                    aria-hidden="true"
                    class="___9ctc0p0_1xvj9ao f1w7gpdv fez10in f1dd5bof"
                    fill="currentColor"
                    height="1em"
                    viewBox="0 0 20 20"
                    width="1em"
                    xmlns="http://www.w3.org/2000/svg"
                  >
                    <path
                      d="m4.09 4.22.06-.07a.5.5 0 0 1 .63-.06l.07.06L10 9.29l5.15-5.14a.5.5 0 0 1 .63-.06l.07.06c.18.17.2.44.06.63l-.06.07L10.71 10l5.14 5.15c.18.17.2.44.06.63l-.06.07a.5.5 0 0 1-.63.06l-.07-.06L10 10.71l-5.15 5.14a.5.5 0 0 1-.63.06l-.07-.06a.5.5 0 0 1-.06-.63l.06-.07L9.29 10 4.15 4.85a.5.5 0 0 1-.06-.63l.06-.07-.06.07Z"
                      fill="currentColor"
                    />
                  </svg>
                </span>
              </span>
            </span>
            <div
              class="emotion-2"
            >
              <span
                class="fui-Text emotion-3 ___c56hd20_1xy0w11 fk6fouc fkhj508 f1i3iumi figsok6 fpgzoln f1w7gpdv f6juhto f1gl81tg f2jf649"
                role="button"
              >
                <span
                  aria-label="Adele Vance"
                  class="fui-Avatar r81b29z ___3oygws0_1lfz49j fq4mcun frvgh55 f13mqy1h"
                  id="avatar-r1"
                  role="img"
                >
                  <span
                    class="fui-Avatar__initials rip04v ___105uvta_5ja1qh0 f1f3ti53 fu4yj0j"
                    id="avatar-r1__initials"
                  >
                    AV
                  </span>
                </span>
                <span
                  class="fui-Text ___gbswv60_1h9bfvt fk6fouc fkhj508 f1i3iumi figsok6 fpgzoln f1w7gpdv f6juhto f1gl81tg f1cmbuwj"
                >
                  Adele Vance
                </span>
              </span>
            </div>
          </div>
        </div>
      </div>
    </div>
  </div>
</DocumentFragment>
`;

exports[`should match the snapshot when the items is undefined 1`] = `
<DocumentFragment>
  .emotion-0 {
  min-height: 100vh;
  line-height: 1.25em;
  background-color: #f5f5f5;
}

<div
    class="fui-FluentProvider fui-FluentProviderr2 ___jdtuxv0_17k0bs4 f19n0e5 fxugw4r f1o700av fk6fouc fkhj508 figsok6 f1i3iumi"
    dir="ltr"
  >
    <div
      class="emotion-0"
    >
      <div
        data-testid="test-Drawer"
      >
        <div
          data-testid="test-Children"
        />
      </div>
    </div>
  </div>
</DocumentFragment>
`;
