// Vitest Snapshot v1, https://vitest.dev/guide/snapshot.html

exports[`should match the snapshot 1`] = `
<DocumentFragment>
  .emotion-0 {
  padding: 0.25rem;
}

.emotion-1 {
  display: -webkit-box;
  display: -webkit-flex;
  display: -ms-flexbox;
  display: flex;
  -webkit-flex-direction: column;
  -ms-flex-direction: column;
  flex-direction: column;
  -webkit-align-items: center;
  -webkit-box-align: center;
  -ms-flex-align: center;
  align-items: center;
  -webkit-box-pack: center;
  -ms-flex-pack: center;
  -webkit-justify-content: center;
  justify-content: center;
}

<div
    class="fui-Accordion"
  >
    <div
      class="fui-AccordionItem"
    >
      <div
        class="fui-AccordionHeader ___kex8dp0_1udlp87 f19n0e5 f1c21dwh f1s184ao ft85np5"
      >
        <button
          aria-disabled="true"
          aria-expanded="true"
          class="fui-AccordionHeader__button ___ecb1fz0_z658t20 f1ewtqcl f1u2r49w f1ym3bx4 fk6fouc fkhj508 f1i3iumi f1gl81tg f1rmphuq f37px4s fgusgyc f10pi13n fly5x3f fre7gi1 f1358rze fqdk4by f1rvrf73 f5pgtk9 f22iagw f122n59 f1k6fduh figsok6 ftqa4ok f2hkw1w f8hki3x f1d2448m f1bjia2o ffh67wi f226i61 f13kzufm flujwa2 fsx75g8 f15bsgw9 f14e48fq f18yb2kv fd6o370 ffwy5si f3znvyf f57olzd f4stah7 f480a47 fs1por5"
          type="button"
        >
          <span
            aria-hidden="true"
            class="fui-AccordionHeader__expandIcon ___7oynyr0_1pz5o7c f1l02sjl f22iagw f122n59 f106mvju f1pp30po f1vdfbxk"
          >
            <svg
              aria-hidden="true"
              class="___9ctc0p0_1xvj9ao f1w7gpdv fez10in f1dd5bof"
              fill="currentColor"
              height="1em"
              style="transform: rotate(90deg); transition: transform 200ms ease-out;"
              viewBox="0 0 20 20"
              width="1em"
              xmlns="http://www.w3.org/2000/svg"
            >
              <path
                d="M7.65 4.15c.2-.2.5-.2.7 0l5.49 5.46c.21.22.21.57 0 .78l-5.49 5.46a.5.5 0 0 1-.7-.7L12.8 10 7.65 4.85a.5.5 0 0 1 0-.7Z"
                fill="currentColor"
              />
            </svg>
          </span>
          Pinned
        </button>
      </div>
      <div
        class="fui-AccordionPanel emotion-0 ___1rufncu_1hx1scr f1axvtxu"
      >
        <div
          class="emotion-1"
        >
          No teams found.
        </div>
      </div>
    </div>
  </div>
</DocumentFragment>
`;
